// Jest Snapshot v1, https://goo.gl/fbAQLP

exports[`should render Header correctly 1`] = `
<header>
  <h1>
    Title
  </h1>
  <ul>
    <li>
      <NavLink
        activeClassName="is-active"
        ariaCurrent="true"
        to="/dashboard"
      >
        Home
      </NavLink>
    </li>
    <li>
      <NavLink
        activeClassName="is-active"
        ariaCurrent="true"
        to="/create"
      >
        Create Expense
      </NavLink>
    </li>
    <li>
      <NavLink
        activeClassName="is-active"
        ariaCurrent="true"
        to="/help"
      >
        Help
      </NavLink>
    </li>
  </ul>
  <button
    onClick={[Function]}
  >
    Logout
  </button>
</header>
`;
