// Jest Snapshot v1, https://goo.gl/fbAQLP

exports[`should render Login Page correctly 1`] = `
<div
  className="box-layout"
>
  <div>
    <h1>
      Expensify App
    </h1>
    <p>
      For all your expensing need
    </p>
    <button>
      login
    </button>
  </div>
</div>
`;
